<?xml version="1.0" encoding="utf-8"?><testsuites name="pytest tests"><testsuite name="pytest" errors="0" failures="0" skipped="0" tests="5" time="3.139" timestamp="2026-07-09T19:23:58.100249+02:00" hostname="gregmrc_lptp"><testcase classname="tests.integration.test_missions" name="test_create_read_full_status_workflow_and_logs" time="0.234" /><testcase classname="tests.integration.test_missions" name="test_invalid_transition_is_rejected" time="0.031" /><testcase classname="tests.integration.test_missions" name="test_map_points_are_seeded" time="0.026" /><testcase classname="tests.integration.test_websocket" name="test_web_front_is_served" time="0.018" /><testcase classname="tests.integration.test_websocket" name="test_websocket_dashboard_to_robot_mission_flow" time="2.677" /></testsuite></testsuites>